<?xml version="1.0" encoding="UTF-8"?>
<testsuites>
  <testsuite name="plugins" tests="22" assertions="23" failures="0" errors="0" time="0.669094">
    <testsuite name="CrudViews\Test\TestCase\Model\Table\CrudDataTest" file="/Library/WebServer/Documents/foldingTime/plugins/CrudViews/tests/TestCase/Model/Table/CrudDataTest.php" tests="22" assertions="23" failures="0" errors="0" time="0.669094">
      <testcase name="testInitialization" class="CrudViews\Test\TestCase\Model\Table\CrudDataTest" file="/Library/WebServer/Documents/foldingTime/plugins/CrudViews/tests/TestCase/Model/Table/CrudDataTest.php" line="50" assertions="2" time="0.646506"/>
      <testsuite name="CrudViews\Test\TestCase\Model\Table\CrudDataTest::testWhitelistEmpty" tests="5" assertions="5" failures="0" errors="0" time="0.005758">
        <testcase name="testWhitelistEmpty with data set #0" assertions="1" time="0.001428"/>
        <testcase name="testWhitelistEmpty with data set #1" assertions="1" time="0.001094"/>
        <testcase name="testWhitelistEmpty with data set #2" assertions="1" time="0.001057"/>
        <testcase name="testWhitelistEmpty with data set #3" assertions="1" time="0.001119"/>
        <testcase name="testWhitelistEmpty with data set #4" assertions="1" time="0.001060"/>
      </testsuite>
      <testsuite name="CrudViews\Test\TestCase\Model\Table\CrudDataTest::testWhitelistPopulated" tests="6" assertions="6" failures="0" errors="0" time="0.007232">
        <testcase name="testWhitelistPopulated with data set #0" assertions="1" time="0.001189"/>
        <testcase name="testWhitelistPopulated with data set #1" assertions="1" time="0.001149"/>
        <testcase name="testWhitelistPopulated with data set #2" assertions="1" time="0.001369"/>
        <testcase name="testWhitelistPopulated with data set #3" assertions="1" time="0.001259"/>
        <testcase name="testWhitelistPopulated with data set #4" assertions="1" time="0.001143"/>
        <testcase name="testWhitelistPopulated with data set #5" assertions="1" time="0.001123"/>
      </testsuite>
      <testsuite name="CrudViews\Test\TestCase\Model\Table\CrudDataTest::testBlacklist" tests="8" assertions="8" failures="0" errors="0" time="0.007635">
        <testcase name="testBlacklist with data set #0" assertions="1" time="0.001016"/>
        <testcase name="testBlacklist with data set #1" assertions="1" time="0.000945"/>
        <testcase name="testBlacklist with data set #2" assertions="1" time="0.000950"/>
        <testcase name="testBlacklist with data set #3" assertions="1" time="0.000921"/>
        <testcase name="testBlacklist with data set #4" assertions="1" time="0.000964"/>
        <testcase name="testBlacklist with data set #5" assertions="1" time="0.000958"/>
        <testcase name="testBlacklist with data set #6" assertions="1" time="0.000951"/>
        <testcase name="testBlacklist with data set #7" assertions="1" time="0.000930"/>
      </testsuite>
      <testsuite name="CrudViews\Test\TestCase\Model\Table\CrudDataTest::testColumns" tests="2" assertions="2" failures="0" errors="0" time="0.001962">
        <testcase name="testColumns with data set #0" assertions="1" time="0.000948"/>
        <testcase name="testColumns with data set #1" assertions="1" time="0.001014"/>
      </testsuite>
    </testsuite>
  </testsuite>
</testsuites>
